// Jest Snapshot v1, https://goo.gl/fbAQLP

exports[`renders Card component correctly 1`] = `
.emotion-0 {
  padding: 1rem 0.5rem;
  margin: 1rem;
  min-height: 300px;
  min-width: 180px;
  border: 1px solid #cdcdcd;
  display: inline-block;
}

<div
  class="emotion-0"
>
  <h2>
    Hello World
  </h2>
</div>
`;
